2025-12-11 03:07:24,632 [INFO] Waiting for object before capturing image...
2025-12-11 03:07:24,633 [INFO] Opening camera for motion detection...
2025-12-11 03:07:25,322 [INFO] Waiting for motion... Press Control C on terminal pad to stop or click q
2025-12-11 03:07:37,473 [INFO] Motion detected (58904 px). Starting settle timer...
2025-12-11 03:07:42,497 [INFO] Settle timer completed. Ready to capture image.
2025-12-11 03:07:42,990 [INFO] Opening camera for capture...
2025-12-11 03:07:45,068 [INFO] Released camera
2025-12-11 03:07:45,069 [INFO] Image captured successfully: captured_29311708-222a-4b80-847a-9431944f086e.jpg
2025-12-11 03:07:45,077 [INFO] Encoded Image and starting API request to server...
2025-12-11 03:07:45,081 [DEBUG] Starting new HTTP connection (1): 127.0.0.1:8000
2025-12-11 03:07:45,084 [DEBUG] http://127.0.0.1:8000 "POST /ingest HTTP/1.1" 200 15
2025-12-11 03:07:45,084 [INFO] API Request Success: 200
2025-12-11 03:07:45,084 [DEBUG] API Raw Response: {"status":"ok"}
2025-12-11 03:07:45,084 [INFO] Image processing cycle completed successfully
2025-12-11 03:07:45,085 [INFO] Waiting for object before capturing image...
2025-12-11 03:07:45,085 [INFO] Opening camera for motion detection...
2025-12-11 03:07:45,624 [INFO] Waiting for motion... Press Control C on terminal pad to stop or click q
2025-12-11 03:08:00,362 [WARNING] User stopped the program manually
2025-12-11 03:08:00,821 [ERROR] Error occurred: Stopped by user
2025-12-11 03:08:00,822 [INFO] Waiting for object before capturing image...
2025-12-11 03:08:00,822 [INFO] Opening camera for motion detection...
2025-12-11 03:08:01,386 [INFO] Waiting for motion... Press Control C on terminal pad to stop or click q
2025-12-11 03:12:43,327 [INFO] Waiting for object before capturing image...
2025-12-11 03:12:43,328 [INFO] Opening camera for motion detection...
2025-12-11 03:12:43,937 [INFO] Waiting for motion... Press Control C on terminal pad to stop or click q
2025-12-11 03:12:47,673 [INFO] Motion detected (63623 px). Starting settle timer...
2025-12-11 03:12:53,151 [INFO] Opening camera for capture...
2025-12-11 03:12:55,189 [INFO] Released camera
2025-12-11 03:12:55,190 [INFO] Image captured successfully: captured_557836a3-2e82-413c-924c-9f27f9139276.jpg
2025-12-11 03:12:55,198 [INFO] Encoded Image and starting API request to server...
2025-12-11 03:12:55,202 [DEBUG] Starting new HTTP connection (1): 127.0.0.1:8000
2025-12-11 03:12:55,204 [DEBUG] http://127.0.0.1:8000 "POST /ingest HTTP/1.1" 200 15
2025-12-11 03:12:55,205 [INFO] API Request Success: 200
2025-12-11 03:12:55,205 [DEBUG] API Raw Response: {"status":"ok"}
2025-12-11 03:12:55,205 [INFO] Image processing cycle completed successfully
2025-12-11 03:12:55,205 [INFO] Waiting for object before capturing image...
2025-12-11 03:12:55,206 [INFO] Opening camera for motion detection...
2025-12-11 03:12:55,753 [INFO] Waiting for motion... Press Control C on terminal pad to stop or click q
2025-12-11 04:01:44,502 [INFO] Waiting for object before capturing image...
2025-12-11 04:01:44,503 [INFO] Opening camera for motion detection...
2025-12-11 04:01:45,355 [INFO] Waiting for motion... Press Control C on terminal pad to stop or click q
2025-12-11 04:01:49,489 [INFO] Motion detected (75564 px). Starting settle timer...
2025-12-11 04:01:54,992 [INFO] Opening camera for capture...
2025-12-11 04:01:57,056 [INFO] Released camera
2025-12-11 04:01:57,064 [INFO] Image captured successfully: captured_27fe02ce-fdc9-430f-aa38-d450f437b401.jpg
2025-12-11 04:01:57,077 [INFO] Encoded Image and starting API request to server...
2025-12-11 04:01:57,102 [DEBUG] Starting new HTTP connection (1): 127.0.0.1:8000
2025-12-11 04:01:57,135 [DEBUG] http://127.0.0.1:8000 "POST /ingest HTTP/1.1" 400 46
2025-12-11 04:01:57,135 [ERROR] HTTP/Connection Error: 400 Client Error: Bad Request for url: http://127.0.0.1:8000/ingest
2025-12-11 04:01:57,135 [INFO] Image processing cycle completed successfully
2025-12-11 04:01:57,136 [INFO] Waiting for object before capturing image...
2025-12-11 04:01:57,136 [INFO] Opening camera for motion detection...
2025-12-11 04:01:57,682 [INFO] Waiting for motion... Press Control C on terminal pad to stop or click q
2025-12-11 04:02:20,297 [INFO] Motion detected (72228 px). Starting settle timer...
2025-12-11 04:02:25,765 [INFO] Opening camera for capture...
2025-12-11 04:02:27,805 [INFO] Released camera
2025-12-11 04:02:27,807 [INFO] Image captured successfully: captured_fa1cd43d-a805-4f96-9d4a-55f39dea8541.jpg
2025-12-11 04:02:27,814 [INFO] Encoded Image and starting API request to server...
2025-12-11 04:02:27,815 [DEBUG] Starting new HTTP connection (1): 127.0.0.1:8000
2025-12-11 04:02:27,817 [DEBUG] http://127.0.0.1:8000 "POST /ingest HTTP/1.1" 400 46
2025-12-11 04:02:27,818 [ERROR] HTTP/Connection Error: 400 Client Error: Bad Request for url: http://127.0.0.1:8000/ingest
2025-12-11 04:02:27,818 [INFO] Image processing cycle completed successfully
2025-12-11 04:03:46,844 [INFO] Waiting for object before capturing image...
2025-12-11 04:03:46,844 [INFO] Opening camera for motion detection...
2025-12-11 04:03:47,523 [INFO] Waiting for motion... Press Control C on terminal pad to stop or click q
2025-12-11 04:03:51,753 [INFO] Motion detected (61621 px). Starting settle timer...
2025-12-11 04:03:57,273 [INFO] Opening camera for capture...
2025-12-11 04:03:59,323 [INFO] Released camera
2025-12-11 04:03:59,325 [INFO] Image captured successfully: captured_eec2ec23-8a4c-4828-83e1-6fff72532209.jpg
2025-12-11 04:03:59,334 [INFO] Encoded Image and starting API request to server...
2025-12-11 04:03:59,338 [DEBUG] Starting new HTTP connection (1): 127.0.0.1:8000
2025-12-11 04:03:59,342 [DEBUG] http://127.0.0.1:8000 "POST /ingest HTTP/1.1" 400 46
2025-12-11 04:03:59,343 [ERROR] HTTP/Connection Error: 400 Client Error: Bad Request for url: http://127.0.0.1:8000/ingest
2025-12-11 04:03:59,343 [INFO] Image processing cycle completed successfully
2025-12-11 04:03:59,344 [INFO] Waiting for object before capturing image...
2025-12-11 04:03:59,344 [INFO] Opening camera for motion detection...
2025-12-11 04:03:59,896 [INFO] Waiting for motion... Press Control C on terminal pad to stop or click q
2025-12-11 04:04:06,048 [INFO] Motion detected (66185 px). Starting settle timer...
2025-12-11 04:04:11,549 [INFO] Opening camera for capture...
2025-12-11 04:04:13,588 [INFO] Released camera
2025-12-11 04:04:13,589 [INFO] Image captured successfully: captured_c8b4445b-c66e-4178-b436-14eadc54da5e.jpg
2025-12-11 04:04:13,597 [INFO] Encoded Image and starting API request to server...
2025-12-11 04:04:13,598 [DEBUG] Starting new HTTP connection (1): 127.0.0.1:8000
2025-12-11 04:04:13,619 [DEBUG] http://127.0.0.1:8000 "POST /ingest HTTP/1.1" 400 46
2025-12-11 04:04:13,620 [ERROR] HTTP/Connection Error: 400 Client Error: Bad Request for url: http://127.0.0.1:8000/ingest
2025-12-11 04:04:13,620 [INFO] Image processing cycle completed successfully
2025-12-11 04:06:02,198 [INFO] Waiting for object before capturing image...
2025-12-11 04:06:02,199 [INFO] Opening camera for motion detection...
2025-12-11 04:06:02,889 [INFO] Waiting for motion... Press Control C on terminal pad to stop or click q
2025-12-11 04:06:07,120 [INFO] Motion detected (55189 px). Starting settle timer...
2025-12-11 04:06:12,637 [INFO] Opening camera for capture...
2025-12-11 04:06:14,691 [INFO] Released camera
2025-12-11 04:06:14,693 [INFO] Image captured successfully: captured_abbd0c8d-8dda-40a5-ba8e-edb35f92ac50.jpg
2025-12-11 04:06:14,701 [INFO] Encoded Image and starting API request to server...
2025-12-11 04:06:14,705 [DEBUG] Starting new HTTP connection (1): 127.0.0.1:8000
2025-12-11 04:06:14,710 [DEBUG] http://127.0.0.1:8000 "POST /ingest HTTP/1.1" 400 46
2025-12-11 04:06:14,710 [ERROR] HTTP/Connection Error: 400 Client Error: Bad Request for url: http://127.0.0.1:8000/ingest
2025-12-11 04:06:14,710 [INFO] Image processing cycle completed successfully
2025-12-11 04:06:14,711 [INFO] Waiting for object before capturing image...
2025-12-11 04:06:14,711 [INFO] Opening camera for motion detection...
2025-12-11 04:06:15,272 [INFO] Waiting for motion... Press Control C on terminal pad to stop or click q
2025-12-11 04:06:20,143 [INFO] Motion detected (65709 px). Starting settle timer...
2025-12-11 04:06:25,612 [INFO] Opening camera for capture...
2025-12-11 04:06:27,648 [INFO] Released camera
2025-12-11 04:06:27,649 [INFO] Image captured successfully: captured_5fc42ba0-dacd-434c-9d33-f847af38c5e8.jpg
2025-12-11 04:06:27,657 [INFO] Encoded Image and starting API request to server...
2025-12-11 04:06:27,659 [DEBUG] Starting new HTTP connection (1): 127.0.0.1:8000
2025-12-11 04:06:27,661 [DEBUG] http://127.0.0.1:8000 "POST /ingest HTTP/1.1" 400 46
2025-12-11 04:06:27,661 [ERROR] HTTP/Connection Error: 400 Client Error: Bad Request for url: http://127.0.0.1:8000/ingest
2025-12-11 04:06:27,661 [INFO] Image processing cycle completed successfully
2025-12-11 04:07:29,387 [INFO] Waiting for object before capturing image...
2025-12-11 04:07:29,388 [INFO] Opening camera for motion detection...
2025-12-11 04:07:30,080 [INFO] Waiting for motion... Press Control C on terminal pad to stop or click q
2025-12-11 04:07:33,134 [INFO] Motion detected (203780 px). Starting settle timer...
2025-12-11 04:07:38,647 [INFO] Opening camera for capture...
2025-12-11 04:07:40,688 [INFO] Released camera
2025-12-11 04:07:40,690 [INFO] Image captured successfully: captured_c1ab91d2-f26b-44f9-b6b6-52a170c5f27b.jpg
2025-12-11 04:07:40,701 [INFO] Encoded Image and starting API request to server...
2025-12-11 04:07:40,706 [DEBUG] Starting new HTTP connection (1): 127.0.0.1:8000
2025-12-11 04:07:40,710 [DEBUG] http://127.0.0.1:8000 "POST /ingest HTTP/1.1" 400 46
2025-12-11 04:07:40,711 [ERROR] HTTP/Connection Error: 400 Client Error: Bad Request for url: http://127.0.0.1:8000/ingest
2025-12-11 04:07:40,711 [INFO] Image processing cycle completed successfully
2025-12-11 04:07:40,711 [INFO] Waiting for object before capturing image...
2025-12-11 04:07:40,711 [INFO] Opening camera for motion detection...
2025-12-11 04:07:41,261 [INFO] Waiting for motion... Press Control C on terminal pad to stop or click q
2025-12-11 04:07:45,605 [INFO] Motion detected (72516 px). Starting settle timer...
2025-12-11 04:07:51,100 [INFO] Opening camera for capture...
2025-12-11 04:07:53,176 [INFO] Released camera
2025-12-11 04:07:53,178 [INFO] Image captured successfully: captured_1117d5a4-d596-44ff-9cea-02f93f0c9ccc.jpg
2025-12-11 04:07:53,188 [INFO] Encoded Image and starting API request to server...
2025-12-11 04:07:53,189 [DEBUG] Starting new HTTP connection (1): 127.0.0.1:8000
2025-12-11 04:07:53,191 [DEBUG] http://127.0.0.1:8000 "POST /ingest HTTP/1.1" 400 46
2025-12-11 04:07:53,192 [ERROR] HTTP/Connection Error: 400 Client Error: Bad Request for url: http://127.0.0.1:8000/ingest
2025-12-11 04:07:53,192 [INFO] Image processing cycle completed successfully
2025-12-11 04:12:36,200 [INFO] Waiting for object before capturing image...
2025-12-11 04:12:36,200 [INFO] Opening camera for motion detection...
2025-12-11 04:12:36,882 [INFO] Waiting for motion... Press Control C on terminal pad to stop or click q
2025-12-11 04:12:39,919 [INFO] Motion detected (176647 px). Starting settle timer...
2025-12-11 04:12:45,413 [INFO] Opening camera for capture...
2025-12-11 04:12:47,457 [INFO] Released camera
2025-12-11 04:12:47,459 [INFO] Image captured successfully: captured_dc5c8d70-7550-430f-80a4-225e3b0e1f7c.jpg
2025-12-11 04:12:47,466 [INFO] Encoded Image and starting API request to server...
2025-12-11 04:12:47,470 [DEBUG] Starting new HTTP connection (1): 127.0.0.1:8000
2025-12-11 04:12:47,473 [DEBUG] http://127.0.0.1:8000 "POST /ingest HTTP/1.1" 400 46
2025-12-11 04:12:47,474 [DEBUG] Response status: 400
2025-12-11 04:12:47,474 [DEBUG] Response headers: {'date': 'Thu, 11 Dec 2025 09:12:46 GMT', 'server': 'uvicorn', 'content-length': '46', 'content-type': 'application/json'}
2025-12-11 04:12:47,474 [DEBUG] Response text: {"detail":"API IS HIT BUT SOME UNKNOWN ERROR"}
2025-12-11 04:12:47,474 [ERROR] HTTP error occurred: 400 Client Error: Bad Request for url: http://127.0.0.1:8000/ingest
2025-12-11 04:12:47,474 [ERROR] Server returned body: {"detail":"API IS HIT BUT SOME UNKNOWN ERROR"}
2025-12-11 04:12:47,475 [INFO] Image processing cycle completed successfully
2025-12-11 04:26:44,597 [INFO] Waiting for object before capturing image...
2025-12-11 04:26:44,597 [INFO] Opening camera for motion detection...
2025-12-11 04:26:45,329 [INFO] Waiting for motion... Press Control C on terminal pad to stop or click q
2025-12-11 04:26:48,382 [INFO] Motion detected (242822 px). Starting settle timer...
2025-12-11 04:26:53,864 [INFO] Opening camera for capture...
2025-12-11 04:26:55,914 [INFO] Released camera
2025-12-11 04:26:55,916 [INFO] Image captured successfully: captured_9a60db96-e5c1-47cb-a835-5fc79882b062.jpg
2025-12-11 04:26:55,924 [INFO] Encoded Image and starting API request to server...
2025-12-11 04:26:55,928 [DEBUG] Starting new HTTP connection (1): 127.0.0.1:8000
2025-12-11 04:26:55,950 [DEBUG] http://127.0.0.1:8000 "POST /ingest HTTP/1.1" 500 21
2025-12-11 04:26:55,951 [DEBUG] Response status: 500
2025-12-11 04:26:55,951 [DEBUG] Response headers: {'date': 'Thu, 11 Dec 2025 09:26:55 GMT', 'server': 'uvicorn', 'content-length': '21', 'content-type': 'text/plain; charset=utf-8'}
2025-12-11 04:26:55,951 [DEBUG] Response text: Internal Server Error
2025-12-11 04:26:55,951 [ERROR] HTTP error occurred: 500 Server Error: Internal Server Error for url: http://127.0.0.1:8000/ingest
2025-12-11 04:26:55,951 [ERROR] Server returned body: Internal Server Error
2025-12-11 04:26:55,952 [INFO] Image processing cycle completed successfully
2025-12-11 04:29:15,983 [INFO] Waiting for object before capturing image...
2025-12-11 04:29:15,983 [INFO] Opening camera for motion detection...
2025-12-11 04:29:16,669 [INFO] Waiting for motion... Press Control C on terminal pad to stop or click q
2025-12-11 04:29:20,078 [INFO] Motion detected (81908 px). Starting settle timer...
2025-12-11 04:29:25,580 [INFO] Opening camera for capture...
2025-12-11 04:29:27,635 [INFO] Released camera
2025-12-11 04:29:27,636 [INFO] Image captured successfully: captured_2082d3c7-9a97-4d77-a69c-d31197c78029.jpg
2025-12-11 04:29:27,644 [INFO] Encoded Image and starting API request to server...
2025-12-11 04:29:27,648 [DEBUG] Starting new HTTP connection (1): 127.0.0.1:8000
2025-12-11 04:29:27,652 [DEBUG] http://127.0.0.1:8000 "POST /ingest HTTP/1.1" 500 21
2025-12-11 04:29:27,653 [DEBUG] Response status: 500
2025-12-11 04:29:27,653 [DEBUG] Response headers: {'date': 'Thu, 11 Dec 2025 09:29:26 GMT', 'server': 'uvicorn', 'content-length': '21', 'content-type': 'text/plain; charset=utf-8'}
2025-12-11 04:29:27,653 [DEBUG] Response text: Internal Server Error
2025-12-11 04:29:27,654 [ERROR] HTTP error occurred: 500 Server Error: Internal Server Error for url: http://127.0.0.1:8000/ingest
2025-12-11 04:29:27,654 [ERROR] Server returned body: Internal Server Error
2025-12-11 04:29:27,654 [INFO] Image processing cycle completed successfully
2025-12-11 04:34:39,909 [INFO] Waiting for object before capturing image...
2025-12-11 04:34:39,909 [INFO] Opening camera for motion detection...
2025-12-11 04:34:40,582 [INFO] Waiting for motion... Press Control C on terminal pad to stop or click q
2025-12-11 04:34:44,060 [INFO] Motion detected (82417 px). Starting settle timer...
2025-12-11 04:34:49,561 [INFO] Opening camera for capture...
2025-12-11 04:34:51,615 [INFO] Released camera
2025-12-11 04:34:51,616 [INFO] Image captured successfully: captured_c568db55-3cf2-4a1e-86dc-3957b83ee811.jpg
2025-12-11 04:34:51,624 [INFO] Encoded Image and starting API request to server...
2025-12-11 04:34:51,630 [DEBUG] Starting new HTTP connection (1): 127.0.0.1:8000
2025-12-11 04:34:51,635 [DEBUG] http://127.0.0.1:8000 "POST /ingest HTTP/1.1" 500 21
2025-12-11 04:34:51,635 [DEBUG] Response status: 500
2025-12-11 04:34:51,636 [DEBUG] Response headers: {'date': 'Thu, 11 Dec 2025 09:34:50 GMT', 'server': 'uvicorn', 'content-length': '21', 'content-type': 'text/plain; charset=utf-8'}
2025-12-11 04:34:51,636 [DEBUG] Response text: Internal Server Error
2025-12-11 04:34:51,636 [ERROR] HTTP error occurred: 500 Server Error: Internal Server Error for url: http://127.0.0.1:8000/ingest
2025-12-11 04:34:51,636 [ERROR] Server returned body: Internal Server Error
2025-12-11 04:34:51,636 [INFO] Image processing cycle completed successfully
2025-12-11 04:36:38,579 [INFO] Waiting for object before capturing image...
2025-12-11 04:36:38,580 [INFO] Opening camera for motion detection...
2025-12-11 04:36:39,267 [INFO] Waiting for motion... Press Control C on terminal pad to stop or click q
2025-12-11 04:36:42,322 [INFO] Motion detected (180385 px). Starting settle timer...
2025-12-11 04:36:47,829 [INFO] Opening camera for capture...
2025-12-11 04:36:49,887 [INFO] Released camera
2025-12-11 04:36:49,889 [INFO] Image captured successfully: captured_062b6d8b-0e8e-4744-9acb-7a3f5b37ebd4.jpg
2025-12-11 04:36:49,897 [INFO] Encoded Image and starting API request to server...
2025-12-11 04:36:49,901 [DEBUG] Starting new HTTP connection (1): 127.0.0.1:8000
2025-12-11 04:36:49,948 [DEBUG] http://127.0.0.1:8000 "POST /ingest HTTP/1.1" 500 21
2025-12-11 04:36:49,949 [DEBUG] Response status: 500
2025-12-11 04:36:49,949 [DEBUG] Response headers: {'date': 'Thu, 11 Dec 2025 09:36:49 GMT', 'server': 'uvicorn', 'content-length': '21', 'content-type': 'text/plain; charset=utf-8'}
2025-12-11 04:36:49,949 [DEBUG] Response text: Internal Server Error
2025-12-11 04:36:49,949 [ERROR] HTTP error occurred: 500 Server Error: Internal Server Error for url: http://127.0.0.1:8000/ingest
2025-12-11 04:36:49,949 [ERROR] Server returned body: Internal Server Error
2025-12-11 04:36:49,950 [INFO] Image processing cycle completed successfully
2025-12-11 04:42:47,240 [INFO] Waiting for object before capturing image...
2025-12-11 04:42:47,240 [INFO] Opening camera for motion detection...
2025-12-11 04:42:47,927 [INFO] Waiting for motion... Press Control C on terminal pad to stop or click q
2025-12-11 04:42:50,988 [INFO] Motion detected (63830 px). Starting settle timer...
2025-12-11 04:42:56,504 [INFO] Opening camera for capture...
2025-12-11 04:42:58,563 [INFO] Released camera
2025-12-11 04:42:58,565 [INFO] Image captured successfully: captured_4796075d-a0f5-4916-b77c-ce7bb90943da.jpg
2025-12-11 04:42:58,573 [INFO] Encoded Image and starting API request to server...
2025-12-11 04:42:58,577 [DEBUG] Starting new HTTP connection (1): 127.0.0.1:8000
2025-12-11 04:42:59,926 [DEBUG] http://127.0.0.1:8000 "POST /ingest HTTP/1.1" 200 280
2025-12-11 04:42:59,927 [DEBUG] Response status: 200
2025-12-11 04:42:59,927 [DEBUG] Response headers: {'date': 'Thu, 11 Dec 2025 09:42:57 GMT', 'server': 'uvicorn', 'content-length': '280', 'content-type': 'application/json'}
2025-12-11 04:42:59,929 [INFO] Image processing cycle completed successfully
2025-12-11 04:48:25,413 [INFO] Waiting for object before capturing image...
2025-12-11 04:48:25,413 [INFO] Opening camera for motion detection...
2025-12-11 04:48:26,085 [INFO] Waiting for motion... Press Control C on terminal pad to stop or click q
2025-12-11 04:48:29,160 [INFO] Motion detected (55851 px). Starting settle timer...
2025-12-11 04:48:34,664 [INFO] Opening camera for capture...
2025-12-11 04:48:36,713 [INFO] Released camera
2025-12-11 04:48:36,715 [INFO] Image captured successfully: captured_34eaff06-ff16-416a-a57e-4bd782a82718.jpg
2025-12-11 04:48:36,722 [INFO] Encoded Image and starting API request to server...
2025-12-11 04:48:36,726 [DEBUG] Starting new HTTP connection (1): 127.0.0.1:8000
2025-12-11 04:48:37,661 [DEBUG] http://127.0.0.1:8000 "POST /ingest HTTP/1.1" 200 280
2025-12-11 04:48:37,662 [DEBUG] Response status: 200
2025-12-11 04:48:37,662 [DEBUG] Response headers: {'date': 'Thu, 11 Dec 2025 09:48:36 GMT', 'server': 'uvicorn', 'content-length': '280', 'content-type': 'application/json'}
2025-12-11 04:48:37,665 [INFO] Image processing cycle completed successfully
2025-12-11 04:53:59,688 [INFO] Waiting for object before capturing image...
2025-12-11 04:53:59,688 [INFO] Opening camera for motion detection...
2025-12-11 04:54:00,359 [INFO] Waiting for motion... Press Control C on terminal pad to stop or click q
2025-12-11 04:54:04,110 [INFO] Motion detected (65184 px). Starting settle timer...
2025-12-11 04:54:09,631 [INFO] Opening camera for capture...
2025-12-11 04:54:11,686 [INFO] Released camera
2025-12-11 04:54:11,687 [INFO] Image captured successfully: captured_ead6e958-0a67-4e80-8579-9d402fd55c9c.jpg
2025-12-11 04:54:11,695 [INFO] Encoded Image and starting API request to server...
2025-12-11 04:54:11,699 [DEBUG] Starting new HTTP connection (1): 127.0.0.1:8000
2025-12-11 04:54:12,622 [DEBUG] http://127.0.0.1:8000 "POST /ingest HTTP/1.1" 200 280
2025-12-11 04:54:12,622 [DEBUG] Response status: 200
2025-12-11 04:54:12,622 [DEBUG] Response headers: {'date': 'Thu, 11 Dec 2025 09:54:10 GMT', 'server': 'uvicorn', 'content-length': '280', 'content-type': 'application/json'}
2025-12-11 04:54:12,625 [INFO] Image processing cycle completed successfully
2025-12-11 04:55:07,920 [INFO] Waiting for object before capturing image...
2025-12-11 04:55:07,920 [INFO] Opening camera for motion detection...
2025-12-11 04:55:08,577 [INFO] Waiting for motion... Press Control C on terminal pad to stop or click q
2025-12-11 04:55:11,632 [INFO] Motion detected (169108 px). Starting settle timer...
2025-12-11 04:55:17,103 [INFO] Opening camera for capture...
2025-12-11 04:55:19,147 [INFO] Released camera
2025-12-11 04:55:19,149 [INFO] Image captured successfully: captured_9033d250-54d2-48d6-8775-b2f64b6ee45c.jpg
2025-12-11 04:55:19,156 [INFO] Encoded Image and starting API request to server...
2025-12-11 04:55:19,160 [DEBUG] Starting new HTTP connection (1): 127.0.0.1:8000
2025-12-11 04:55:20,089 [DEBUG] http://127.0.0.1:8000 "POST /ingest HTTP/1.1" 200 280
2025-12-11 04:55:20,089 [DEBUG] Response status: 200
2025-12-11 04:55:20,089 [DEBUG] Response headers: {'date': 'Thu, 11 Dec 2025 09:55:19 GMT', 'server': 'uvicorn', 'content-length': '280', 'content-type': 'application/json'}
2025-12-11 04:55:20,092 [INFO] Image processing cycle completed successfully
2025-12-11 04:55:56,205 [INFO] Waiting for object before capturing image...
2025-12-11 04:55:56,205 [INFO] Opening camera for motion detection...
2025-12-11 04:55:56,871 [INFO] Waiting for motion... Press Control C on terminal pad to stop or click q
2025-12-11 04:55:59,911 [INFO] Motion detected (72197 px). Starting settle timer...
2025-12-11 04:56:05,448 [INFO] Opening camera for capture...
2025-12-11 04:56:07,488 [INFO] Released camera
2025-12-11 04:56:07,490 [INFO] Image captured successfully: captured_4d7d4a70-688b-41ae-afb8-10be99373e28.jpg
2025-12-11 04:56:07,497 [INFO] Encoded Image and starting API request to server...
2025-12-11 04:56:07,501 [DEBUG] Starting new HTTP connection (1): 127.0.0.1:8000
2025-12-11 04:56:08,426 [DEBUG] http://127.0.0.1:8000 "POST /ingest HTTP/1.1" 200 280
2025-12-11 04:56:08,426 [DEBUG] Response status: 200
2025-12-11 04:56:08,427 [DEBUG] Response headers: {'date': 'Thu, 11 Dec 2025 09:56:07 GMT', 'server': 'uvicorn', 'content-length': '280', 'content-type': 'application/json'}
2025-12-11 04:56:08,429 [INFO] Image processing cycle completed successfully
2025-12-11 04:57:53,545 [INFO] Waiting for object before capturing image...
2025-12-11 04:57:53,545 [INFO] Opening camera for motion detection...
2025-12-11 04:57:54,229 [INFO] Waiting for motion... Press Control C on terminal pad to stop or click q
2025-12-11 04:57:57,239 [INFO] Motion detected (85337 px). Starting settle timer...
2025-12-11 04:58:02,738 [INFO] Opening camera for capture...
2025-12-11 04:58:04,783 [INFO] Released camera
2025-12-11 04:58:04,785 [INFO] Image captured successfully: captured_41f17c4b-5ca9-44bd-8144-33bcea004bf8.jpg
2025-12-11 04:58:04,793 [INFO] Encoded Image and starting API request to server...
2025-12-11 04:58:04,797 [DEBUG] Starting new HTTP connection (1): 127.0.0.1:8000
2025-12-11 04:58:05,725 [DEBUG] http://127.0.0.1:8000 "POST /ingest HTTP/1.1" 200 280
2025-12-11 04:58:05,726 [DEBUG] Response status: 200
2025-12-11 04:58:05,726 [DEBUG] Response headers: {'date': 'Thu, 11 Dec 2025 09:58:03 GMT', 'server': 'uvicorn', 'content-length': '280', 'content-type': 'application/json'}
2025-12-11 04:58:05,729 [INFO] Image processing cycle completed successfully
2025-12-11 04:59:26,349 [INFO] Waiting for object before capturing image...
2025-12-11 04:59:26,349 [INFO] Opening camera for motion detection...
2025-12-11 04:59:27,027 [INFO] Waiting for motion... Press Control C on terminal pad to stop or click q
2025-12-11 04:59:31,771 [INFO] Motion detected (69664 px). Starting settle timer...
2025-12-11 04:59:34,305 [INFO] Opening camera for capture...
2025-12-11 04:59:36,347 [INFO] Released camera
2025-12-11 04:59:36,350 [INFO] Image captured successfully: captured_8e8a611e-b1d6-4530-b008-1b1f1fe0f6be.jpg
2025-12-11 04:59:36,358 [INFO] Encoded Image and starting API request to server...
2025-12-11 04:59:36,362 [DEBUG] Starting new HTTP connection (1): 127.0.0.1:8000
2025-12-11 04:59:37,292 [DEBUG] http://127.0.0.1:8000 "POST /ingest HTTP/1.1" 200 279
2025-12-11 04:59:37,293 [DEBUG] Response status: 200
2025-12-11 04:59:37,293 [DEBUG] Response headers: {'date': 'Thu, 11 Dec 2025 09:59:36 GMT', 'server': 'uvicorn', 'content-length': '279', 'content-type': 'application/json'}
2025-12-11 04:59:37,295 [INFO] Image processing cycle completed successfully
2025-12-11 05:01:29,330 [INFO] Waiting for object before capturing image...
2025-12-11 05:01:29,330 [INFO] Opening camera for motion detection...
2025-12-11 05:01:29,994 [INFO] Waiting for motion... Press Control C on terminal pad to stop or click q
2025-12-11 05:01:33,049 [INFO] Motion detected (230425 px). Starting settle timer...
2025-12-11 05:01:35,573 [INFO] Opening camera for capture...
2025-12-11 05:01:37,613 [INFO] Released camera
2025-12-11 05:01:37,615 [INFO] Image captured successfully: captured_0f7ea39e-9a6b-40ab-899c-50e7ee7f2ccf.jpg
2025-12-11 05:01:37,622 [INFO] Encoded Image and starting API request to server...
2025-12-11 05:01:37,626 [DEBUG] Starting new HTTP connection (1): 127.0.0.1:8000
2025-12-11 05:01:38,545 [DEBUG] http://127.0.0.1:8000 "POST /ingest HTTP/1.1" 200 280
2025-12-11 05:01:38,546 [DEBUG] Response status: 200
2025-12-11 05:01:38,546 [DEBUG] Response headers: {'date': 'Thu, 11 Dec 2025 10:01:37 GMT', 'server': 'uvicorn', 'content-length': '280', 'content-type': 'application/json'}
2025-12-11 05:01:38,549 [INFO] Image processing cycle completed successfully
2025-12-11 05:07:49,604 [INFO] Waiting for object before capturing image...
2025-12-11 05:07:49,604 [INFO] Opening camera for motion detection...
2025-12-11 05:07:50,286 [INFO] Waiting for motion... Press Control C on terminal pad to stop or click q
2025-12-11 05:07:54,628 [INFO] Motion detected (68674 px). Starting settle timer...
2025-12-11 05:07:57,126 [INFO] Opening camera for capture...
2025-12-11 05:07:59,175 [INFO] Released camera
2025-12-11 05:07:59,176 [INFO] Image captured successfully: captured_4f7888f0-e691-496b-b2ab-ff635c990ff2.jpg
2025-12-11 05:07:59,183 [INFO] Encoded Image and starting API request to server...
2025-12-11 05:07:59,188 [DEBUG] Starting new HTTP connection (1): 127.0.0.1:8000
2025-12-11 05:08:00,127 [DEBUG] http://127.0.0.1:8000 "POST /ingest HTTP/1.1" 200 280
2025-12-11 05:08:00,128 [DEBUG] Response status: 200
2025-12-11 05:08:00,128 [DEBUG] Response headers: {'date': 'Thu, 11 Dec 2025 10:07:58 GMT', 'server': 'uvicorn', 'content-length': '280', 'content-type': 'application/json'}
2025-12-11 05:08:00,131 [INFO] Image processing cycle completed successfully
2025-12-11 05:11:39,878 [INFO] Waiting for object before capturing image...
2025-12-11 05:11:39,878 [INFO] Opening camera for motion detection...
2025-12-11 05:11:40,574 [INFO] Waiting for motion... Press Control C on terminal pad to stop or click q
2025-12-11 05:11:43,629 [INFO] Motion detected (110945 px). Starting settle timer...
2025-12-11 05:11:46,144 [INFO] Opening camera for capture...
2025-12-11 05:11:48,200 [INFO] Released camera
2025-12-11 05:11:48,202 [INFO] Image captured successfully: captured_1e69ffd3-0b86-4734-bd0c-bb2d58d8f6e9.jpg
2025-12-11 05:11:48,210 [INFO] Encoded Image and starting API request to server...
2025-12-11 05:11:48,214 [DEBUG] Starting new HTTP connection (1): 127.0.0.1:8000
2025-12-11 05:11:49,215 [DEBUG] http://127.0.0.1:8000 "POST /ingest HTTP/1.1" 200 280
2025-12-11 05:11:49,216 [DEBUG] Response status: 200
2025-12-11 05:11:49,216 [DEBUG] Response headers: {'date': 'Thu, 11 Dec 2025 10:11:48 GMT', 'server': 'uvicorn', 'content-length': '280', 'content-type': 'application/json'}
2025-12-11 05:11:49,218 [INFO] Image processing cycle completed successfully
2025-12-11 05:12:24,318 [INFO] Waiting for object before capturing image...
2025-12-11 05:12:24,318 [INFO] Opening camera for motion detection...
2025-12-11 05:12:24,987 [INFO] Waiting for motion... Press Control C on terminal pad to stop or click q
2025-12-11 05:12:44,066 [INFO] Motion detected (62005 px). Starting settle timer...
2025-12-11 05:12:46,551 [INFO] Opening camera for capture...
2025-12-11 05:12:48,588 [INFO] Released camera
2025-12-11 05:12:48,590 [INFO] Image captured successfully: captured_8adb51ed-8661-4234-91e4-96e2b30f7259.jpg
2025-12-11 05:12:48,598 [INFO] Encoded Image and starting API request to server...
2025-12-11 05:12:48,602 [DEBUG] Starting new HTTP connection (1): 127.0.0.1:8000
2025-12-11 05:12:48,608 [DEBUG] http://127.0.0.1:8000 "POST /ingest HTTP/1.1" 400 44
2025-12-11 05:12:48,608 [DEBUG] Response status: 400
2025-12-11 05:12:48,608 [DEBUG] Response headers: {'date': 'Thu, 11 Dec 2025 10:12:47 GMT', 'server': 'uvicorn', 'content-length': '44', 'content-type': 'application/json'}
2025-12-11 05:12:48,608 [DEBUG] Response text: {"detail":"Missing required key: device_id"}
2025-12-11 05:12:48,609 [ERROR] HTTP error occurred: 400 Client Error: Bad Request for url: http://127.0.0.1:8000/ingest
2025-12-11 05:12:48,609 [ERROR] Server returned body: {"detail":"Missing required key: device_id"}
2025-12-11 05:12:48,609 [INFO] Image processing cycle completed successfully
